<html>
<body>
<pre>
<h1>µVision Build Log</h1>
<h2>Tool Versions:</h2>
IDE-Version: µVision V5.29.0.0
Copyright (C) 2019 ARM Ltd and ARM Germany GmbH. All rights reserved.
License Information: Ahmed Ahmed Elshehry, ahmedelshehry, LIC=----
 
Tool Versions:
Toolchain:       MDK-Lite  Version: 5.29.0.0
Toolchain Path:  F:\keil_529\Keil_v5\ARM\ARMCC\Bin
C Compiler:      Armcc.exe V5.06 update 6 (build 750)
Assembler:       Armasm.exe V5.06 update 6 (build 750)
Linker/Locator:  ArmLink.exe V5.06 update 6 (build 750)
Library Manager: ArmAr.exe V5.06 update 6 (build 750)
Hex Converter:   FromElf.exe V5.06 update 6 (build 750)
CPU DLL:         SARMCM3.DLL V5.29.0.0
Dialog DLL:      DCM.DLL V1.17.3.0
Target DLL:      UL2CM3.DLL V1.163.0.0
Dialog DLL:      TCM.DLL V1.36.5.0
 
<h2>Project:</h2>
E:\WORKSPACE CODE\mVision\projectLed\Led.uvprojx
Project File Date:  09/25/2022

<h2>Output:</h2>
*** Using Compiler 'V5.06 update 6 (build 750)', folder: 'F:\keil_529\Keil_v5\ARM\ARMCC\Bin'
Rebuild target 'Target 1'
compiling main.c...
E:\cources\Embeded_system\Embedded_Systems_Advanced_Program_udacity\Documen_Source\COST\MCAL\DRIVER\HW\led.h(92): warning:  #1-D: last line of file ends without a newline
   
E:\cources\Embeded_system\Embedded_Systems_Advanced_Program_udacity\Documen_Source\COST\APP\main.c(43): warning:  #111-D: statement is unreachable
    return 0;
E:\cources\Embeded_system\Embedded_Systems_Advanced_Program_udacity\Documen_Source\COST\APP\main.c: 2 warnings, 0 errors
compiling STICK_program.c...
E:\cources\Embeded_system\Embedded_Systems_Advanced_Program_udacity\Documen_Source\COST\MCAL\DRIVER\sysTick\STICK_program.c(252): warning:  #550-D: variable "local_flag"  was set but never used
  	uint8_t local_flag=0;
E:\cources\Embeded_system\Embedded_Systems_Advanced_Program_udacity\Documen_Source\COST\MCAL\DRIVER\sysTick\STICK_program.c: 1 warning, 0 errors
compiling led.c...
E:\cources\Embeded_system\Embedded_Systems_Advanced_Program_udacity\Documen_Source\COST\HAL\led_Driver\Led.h(92): warning:  #1-D: last line of file ends without a newline
   
E:\cources\Embeded_system\Embedded_Systems_Advanced_Program_udacity\Documen_Source\COST\HAL\led_Driver\led.c(98): warning:  #1-D: last line of file ends without a newline
   *********************************************************************************************************************/
E:\cources\Embeded_system\Embedded_Systems_Advanced_Program_udacity\Documen_Source\COST\HAL\led_Driver\led.c: 2 warnings, 0 errors
assembling startup_TM4C123.s...
compiling port_driver2.c...
compiling IntCtrl.c...
E:\cources\Embeded_system\Embedded_Systems_Advanced_Program_udacity\Documen_Source\COST\MCAL\DRIVER\int_ctrl\IntCtrl_Lcfg.h(54): warning:  #9-D: nested comment is not allowed
  /*  {Interrupt ,EN_OR_DIS , Groub_priorirt , Sub_groub_priority}
E:\cources\Embeded_system\Embedded_Systems_Advanced_Program_udacity\Documen_Source\COST\MCAL\DRIVER\int_ctrl\IntCtrl.c(66): warning:  #550-D: variable "local_Sub_Groub_Priority"  was set but never used
     uint8_t local_Interrupt_number=0,local_EN_OR_DIS=0,local_Groub_Priority=0,local_Sub_Groub_Priority=0,localRegister_ID=0,localsecation_ID,local_Priority_regs=0,local_Priority_section=0;
E:\cources\Embeded_system\Embedded_Systems_Advanced_Program_udacity\Documen_Source\COST\MCAL\DRIVER\int_ctrl\IntCtrl.c: 2 warnings, 0 errors
compiling dio_driver2.c...
E:\cources\Embeded_system\Embedded_Systems_Advanced_Program_udacity\Documen_Source\COST\MCAL\DRIVER\DIO_driver\dio_driver2.c(156): warning:  #186-D: pointless comparison of unsigned integer with zero
  	if(PortId>=MIN_NUM_PORTS&& PortId<MAX_NUM_PORTS)
E:\cources\Embeded_system\Embedded_Systems_Advanced_Program_udacity\Documen_Source\COST\MCAL\DRIVER\DIO_driver\dio_driver2.c(203): warning:  #186-D: pointless comparison of unsigned integer with zero
  	if(PortId>=MIN_NUM_PORTS&& PortId<=MAX_NUM_PORTS)
E:\cources\Embeded_system\Embedded_Systems_Advanced_Program_udacity\Documen_Source\COST\MCAL\DRIVER\DIO_driver\dio_driver2.c: 2 warnings, 0 errors
compiling system_TM4C123.c...
linking...
Program Size: Code=1536 RO-data=652 RW-data=20 ZI-data=612  
".\Objects\Led.axf" - 0 Error(s), 9 Warning(s).

<h2>Software Packages used:</h2>

Package Vendor: ARM
                http://www.keil.com/pack/ARM.CMSIS.5.9.0.pack
                ARM.CMSIS.5.9.0
                CMSIS (Common Microcontroller Software Interface Standard)
   * Component: CORE Version: 5.6.0

Package Vendor: Keil
                http://www.keil.com/pack/Keil.TM4C_DFP.1.1.0.pack
                Keil.TM4C_DFP.1.1.0
                Texas Instruments Tiva C Series Device Support and Examples
   * Component: Startup Version: 1.0.1

<h2>Collection of Component include folders:</h2>
  .\RTE\_Target_1
  F:\keil_529\ArmPacks\ARM\CMSIS\5.9.0\CMSIS\Core\Include
  F:\keil_529\ArmPacks\Keil\TM4C_DFP\1.1.0\Device\Include\TM4C123

<h2>Collection of Component Files used:</h2>

   * Component: ARM::CMSIS:CORE:5.6.0

   * Component: Keil::Device:Startup:1.0.1
      Source file:   Device\Source\ARM\startup_TM4C123.s
      Include file:  Device\Include\TM4C123\TM4C123.h
      Source file:   Device\Source\system_TM4C123.c
Build Time Elapsed:  00:00:01
</pre>
</body>
</html>
